**************
* 2021.05.14 *
**************

Tensorflow install on AWS

When installing on AWS t2.nano instance:
$ pip install tensorflow
$ pip install tensorflow
Collecting tensorflow
  Downloading https://files.pythonhosted.org/packages/de/f0/96fb2e0412ae9692dbf400e5b04432885f677ad6241c088ccc5fe7724d69/tensorflow-1.14.0-cp36-cp36m-manylinux1_x86_64.whl (109.2MB)
    99% |████████████████████████████████| 109.2MB 36.6MB/s eta 0:00:01Killed
$ tail /var/log/syslog 
May 14 08:32:38 ip-172-31-45-232 kernel: [ 2904.895361] [  19017]     0 19017    18076      181   180224        0             0 sshd
May 14 08:32:38 ip-172-31-45-232 kernel: [ 2904.895363] [  19018]   109 19018    18076      186   176128        0             0 sshd
May 14 08:32:38 ip-172-31-45-232 kernel: [ 2904.895364] [  19025]  1000 19025    11136      153   126976        0             0 top
May 14 08:32:38 ip-172-31-45-232 kernel: [ 2904.895365] [  19026]     0 19026    26997      252   245760        0             0 sshd
May 14 08:32:38 ip-172-31-45-232 kernel: [ 2904.895366] [  19098]  1000 19098    26997      251   241664        0             0 sshd
May 14 08:32:38 ip-172-31-45-232 kernel: [ 2904.895367] [  19099]  1000 19099     5786      431    81920        0             0 bash
May 14 08:32:38 ip-172-31-45-232 kernel: [ 2904.895368] [  19116]  1000 19116   109340    76548   827392        0             0 pip3
May 14 08:32:38 ip-172-31-45-232 kernel: [ 2904.895370] oom-kill:constraint=CONSTRAINT_NONE,nodemask=(null),cpuset=/,mems_allowed=0,global_oom,task_memcg=/user.slice,task=pip3,pid=19116,uid=1000
May 14 08:32:38 ip-172-31-45-232 kernel: [ 2904.895377] Out of memory: Killed process 19116 (pip3) total-vm:437360kB, anon-rss:306192kB, file-rss:0kB, shmem-rss:0kB, UID:1000 pgtables:808kB oom_score_adj:0
May 14 08:32:38 ip-172-31-45-232 kernel: [ 2904.928642] oom_reaper: reaped process 19116 (pip3), now anon-rss:0kB, file-rss:0kB, shmem-rss:0kB

Trying on a t2.micro

    1  sudo apt install python3
    2  python --version
    3  alias python=python3
    9  sudo apt update
   10  sudo apt install python3-pip
   11  pip --version
   12  alias pip=pip3
   18  pip3 install --upgrade pip
   19  python3 -m pip install --upgrade setuptools
   20  pip install tensorflow
   
 Ran out of memory again:
 
$ tail /var/log/syslog 
May 14 09:12:24 ip-172-31-46-93 kernel: [ 2027.897760] [   1709]  1000  1709    48435      623   262144        0             0 (sd-pam)
May 14 09:12:24 ip-172-31-46-93 kernel: [ 2027.897761] [   1813]  1000  1813    27043      293   249856        0             0 sshd
May 14 09:12:24 ip-172-31-46-93 kernel: [ 2027.897762] [   1819]  1000  1819     5782      427    90112        0             0 bash
May 14 09:12:24 ip-172-31-46-93 kernel: [ 2027.897763] [   1837]     0  1837    26997      252   258048        0             0 sshd
May 14 09:12:24 ip-172-31-46-93 kernel: [ 2027.897764] [   1905]  1000  1905    27168      431   253952        0             0 sshd
May 14 09:12:24 ip-172-31-46-93 kernel: [ 2027.897765] [   1906]  1000  1906     3732       37    69632        0             0 scp
May 14 09:12:24 ip-172-31-46-93 kernel: [ 2027.897767] [  18867]  1000 18867   264764   196649  1875968        0             0 pip3
May 14 09:12:24 ip-172-31-46-93 kernel: [ 2027.897768] oom-kill:constraint=CONSTRAINT_NONE,nodemask=(null),cpuset=/,mems_allowed=0,global_oom,task_memcg=/user.slice,task=pip3,pid=18867,uid=1000
May 14 09:12:24 ip-172-31-46-93 kernel: [ 2027.897775] Out of memory: Killed process 18867 (pip3) total-vm:1059056kB, anon-rss:786592kB, file-rss:4kB, shmem-rss:0kB, UID:1000 pgtables:1832kB oom_score_adj:0
May 14 09:12:24 ip-172-31-46-93 kernel: [ 2027.954213] oom_reaper: reaped process 18867 (pip3), now anon-rss:0kB, file-rss:0kB, shmem-rss:0kB

Trying t2.medium:

Installed ok.

Need to recompile tensoflow:

"This TensorFlow binary is optimized with oneAPI Deep Neural Network Library (oneDNN) to use the following CPU instructions in performance-critical operations:  AVX2 FMA
To enable them in other operations, rebuild TensorFlow with the appropriate compiler flags."

$ python single_prediction.py --filepath datasets/nofire/20200904_090357_014.jpg
2021-05-14 13:45:58.932254: W tensorflow/stream_executor/platform/default/dso_loader.cc:64] Could not load dynamic library 'libcudart.so.11.0'; dlerror: libcudart.so.11.0: cannot open shared object file: No such file or directory
2021-05-14 13:45:58.932408: I tensorflow/stream_executor/cuda/cudart_stub.cc:29] Ignore above cudart dlerror if you do not have a GPU set up on your machine.
2021-05-14 13:46:00.307649: W tensorflow/stream_executor/platform/default/dso_loader.cc:64] Could not load dynamic library 'libcuda.so.1'; dlerror: libcuda.so.1: cannot open shared object file: No such file or directory
2021-05-14 13:46:00.307806: W tensorflow/stream_executor/cuda/cuda_driver.cc:326] failed call to cuInit: UNKNOWN ERROR (303)
2021-05-14 13:46:00.307912: I tensorflow/stream_executor/cuda/cuda_diagnostics.cc:156] kernel driver does not appear to be running on this host (ip-172-31-2-180): /proc/driver/nvidia/version does not exist
2021-05-14 13:46:00.308269: I tensorflow/core/platform/cpu_feature_guard.cc:142] This TensorFlow binary is optimized with oneAPI Deep Neural Network Library (oneDNN) to use the following CPU instructions in performance-critical operations:  AVX2 FMA
To enable them in other operations, rebuild TensorFlow with the appropriate compiler flags.
2021-05-14 13:46:00.624220: I tensorflow/compiler/mlir/mlir_graph_optimization_pass.cc:176] None of the MLIR Optimization Passes are enabled (registered 2)
2021-05-14 13:46:00.624791: I tensorflow/core/platform/profile_utils/cpu_utils.cc:114] CPU Frequency: 2400050000 Hz
Prediction array: [9.9999750e-01 2.5325219e-06]
Prediction of no fire: 0.9999975
Prediction of fire: 2.5325219e-06


 


